// Jest Snapshot v1, https://goo.gl/fbAQLP

exports[`Button should render the medium size by default 1`] = `
.c0 {
  background: linear-gradient(180deg,#ff5f5f 0%,#f062c0 50%);
  color: #FAFAFA;
  border: 0;
  border-radius: 0.4rem;
  padding: 0.8rem;
  cursor: pointer;
  -webkit-transition: all 0.3s ease-in-out;
  transition: all 0.3s ease-in-out;
  -webkit-transition-delay: 0.1s;
  transition-delay: 0.1s;
  padding: 0.8rem 3.2rem;
  height: 4rem;
  font-size: 1.4rem;
}

.c0:hover {
  -webkit-filter: brightness(0.9);
  filter: brightness(0.9);
  background: linear-gradient(180deg,#e35565 0%,#d958a6 50%);
}

<button
  class="c0"
>
  <span>
    Buy now
  </span>
</button>
`;
